2025-04-20 19:08:30,230 - WARNING - #CHECKLIST - Mensagem e imagem enviadas no Teams!
2025-04-20 20:02:40,329 - WARNING - #CHECKLIST - Mensagem e imagem enviadas no Teams!
2025-04-20 20:03:22,536 - WARNING - #COMPARATIVO - Mensagem e imagem enviadas no Teams!
2025-04-20 20:04:07,202 - WARNING - #ADIQ+ - Mensagem e imagem enviadas no Teams!
2025-04-20 21:14:18,935 - WARNING - #CHECKLIST - Mensagem e imagem enviadas no Teams!
2025-04-20 21:21:48,145 - WARNING - Erro ao clicar no zoom PIX https://grafana-ocp4.adiq.io/d/f5067f59-9f90-4e0f-b86c-8c2ba32fc3a8/monitor-pix-gw-bancario-geral?orgId=1&from=1740997996000&to=1741040658000&var-dataselecionada=2025-04-20
2025-04-20 23:05:00,585 - WARNING - #CHECKLIST - Mensagem e imagem enviadas no Teams!
2025-04-20 23:05:43,974 - WARNING - #COMPARATIVO - Mensagem e imagem enviadas no Teams!
2025-04-20 23:58:42,752 - WARNING - Erro ao clicar no zoom PIX https://grafana-ocp4.adiq.io/d/f5067f59-9f90-4e0f-b86c-8c2ba32fc3a8/monitor-pix-gw-bancario-geral?orgId=1&from=1740997996000&to=1741040658000&var-dataselecionada=2025-04-21
2025-04-20 23:59:44,730 - WARNING - #CHECKLIST - Mensagem e imagem enviadas no Teams!
2025-04-21 00:00:32,264 - WARNING - #ADIQ+ - Mensagem e imagem enviadas no Teams!
2025-04-21 01:33:56,986 - WARNING - #CHECKLIST - Mensagem e imagem enviadas no Teams!
2025-04-21 06:10:50,755 - WARNING - #CHECKLIST - Mensagem e imagem enviadas no Teams!
2025-04-23 19:02:28,311 - WARNING - #CHECKLIST - Mensagem e imagem enviadas no Teams!
2025-04-23 20:00:04,064 - WARNING - #CHECKLIST - Mensagem e imagem enviadas no Teams!
2025-04-23 20:00:47,642 - WARNING - #COMPARATIVO - Mensagem e imagem enviadas no Teams!
2025-04-23 20:01:32,256 - WARNING - #ADIQ+ - Mensagem e imagem enviadas no Teams!
2025-04-23 21:23:16,499 - WARNING - #CHECKLIST - Mensagem e imagem enviadas no Teams!
2025-04-23 21:23:36,171 - WARNING - #PIX - Mensagem e imagem enviadas no Teams!
2025-04-23 21:33:59,633 - WARNING - #CHECKLIST - Mensagem e imagem enviadas no Teams!
2025-04-23 21:43:46,140 - WARNING - #CHECKLIST - Mensagem e imagem enviadas no Teams!
2025-04-23 21:45:46,274 - WARNING - #CHECKLIST - Mensagem e imagem enviadas no Teams!
2025-04-23 21:50:18,066 - WARNING - #CHECKLIST - Mensagem e imagem enviadas no Teams!
2025-04-23 22:01:59,738 - WARNING - #CHECKLIST - Mensagem e imagem enviadas no Teams!
2025-04-23 22:38:22,047 - WARNING - #CHECKLIST - Mensagem e imagem enviadas no Teams!
2025-04-28 20:18:50,551 - WARNING - #CHECKLIST - Mensagem e imagem enviadas no Teams!
2025-04-28 20:36:35,459 - WARNING - #COMPARATIVO - Mensagem e imagem enviadas no Teams!
2025-04-28 20:37:20,095 - WARNING - #ADIQ+ - Mensagem e imagem enviadas no Teams!
2025-04-28 20:43:33,655 - WARNING - Erro ao clicar no zoom PIX https://grafana-ocp4.adiq.io/d/f5067f59-9f90-4e0f-b86c-8c2ba32fc3a8/monitor-pix-gw-bancario-geral?orgId=1&from=1740997996000&to=1741040658000&var-dataselecionada=2025-04-28
2025-04-28 20:44:12,250 - WARNING - #CHECKLIST - Mensagem e imagem enviadas no Teams!
2025-04-28 21:32:57,436 - WARNING - #CHECKLIST - Mensagem e imagem enviadas no Teams!
2025-04-28 21:36:40,767 - WARNING - #PIX - Mensagem e imagem enviadas no Teams!
2025-04-28 21:38:17,639 - WARNING - Erro ao clicar no zoom PIX https://grafana-ocp4.adiq.io/d/f5067f59-9f90-4e0f-b86c-8c2ba32fc3a8/monitor-pix-gw-bancario-geral?orgId=1&from=1740997996000&to=1741040658000&var-dataselecionada=2025-04-28
2025-04-28 21:40:58,039 - WARNING - #CHECKLIST - Mensagem e imagem enviadas no Teams!
2025-04-28 22:12:11,475 - WARNING - #CHECKLIST - Mensagem e imagem enviadas no Teams!
2025-04-28 23:30:49,390 - WARNING - #CHECKLIST - Mensagem e imagem enviadas no Teams!
2025-04-28 23:31:35,249 - WARNING - #COMPARATIVO - Mensagem e imagem enviadas no Teams!
2025-04-29 00:02:44,637 - WARNING - Erro ao clicar no zoom PIX https://grafana-ocp4.adiq.io/d/f5067f59-9f90-4e0f-b86c-8c2ba32fc3a8/monitor-pix-gw-bancario-geral?orgId=1&from=1740997996000&to=1741040658000&var-dataselecionada=2025-04-29
2025-04-29 00:03:47,285 - WARNING - #CHECKLIST - Mensagem e imagem enviadas no Teams!
2025-04-29 00:20:53,935 - WARNING - #ADIQ+ - Mensagem e imagem enviadas no Teams!
2025-04-29 01:02:15,703 - WARNING - #CHECKLIST - Mensagem e imagem enviadas no Teams!
2025-04-29 04:04:28,959 - WARNING - #CHECKLIST - Mensagem e imagem enviadas no Teams!
2025-04-29 06:04:37,802 - WARNING - #CHECKLIST - Mensagem e imagem enviadas no Teams!
2025-04-29 19:02:19,152 - WARNING - #CHECKLIST - Mensagem e imagem enviadas no Teams!
2025-04-29 20:05:21,275 - WARNING - #CHECKLIST - Mensagem e imagem enviadas no Teams!
2025-04-29 20:06:03,029 - WARNING - #COMPARATIVO - Mensagem e imagem enviadas no Teams!
2025-04-29 20:06:47,315 - WARNING - #ADIQ+ - Mensagem e imagem enviadas no Teams!
2025-04-29 21:45:57,852 - WARNING - #CHECKLIST - Mensagem e imagem enviadas no Teams!
2025-04-29 21:46:19,632 - WARNING - #PIX - Mensagem e imagem enviadas no Teams!
2025-04-29 22:08:12,880 - WARNING - #CHECKLIST - Mensagem e imagem enviadas no Teams!
2025-04-29 23:07:45,025 - WARNING - #CHECKLIST - Mensagem e imagem enviadas no Teams!
2025-04-29 23:08:28,767 - WARNING - #COMPARATIVO - Mensagem e imagem enviadas no Teams!
2025-04-29 23:57:53,987 - WARNING - #ADIQ+ - Mensagem e imagem enviadas no Teams!
2025-04-30 03:11:40,526 - WARNING - #CHECKLIST - Mensagem e imagem enviadas no Teams!
2025-04-30 04:20:22,328 - WARNING - #CHECKLIST - Mensagem e imagem enviadas no Teams!
2025-05-02 19:23:00,964 - WARNING - #CHECKLIST - Mensagem e imagem enviadas no Teams!
2025-05-02 19:41:29,792 - WARNING - \u274c Erro ao enviar mensagem e imagem: pix.<locals>.copiar_e_enviar_imagem() missing 1 required positional argument: 'chat_texto'
2025-05-02 20:05:42,944 - WARNING - #CHECKLIST - Mensagem e imagem enviadas no Teams!
2025-05-02 20:06:55,274 - WARNING - #COMPARATIVO - Mensagem e imagem enviadas no Teams!
2025-05-02 20:07:39,931 - WARNING - #ADIQ+ - Mensagem e imagem enviadas no Teams!
2025-05-02 21:16:44,670 - WARNING - #CHECKLIST - Mensagem e imagem enviadas no Teams!
2025-05-02 21:17:07,356 - WARNING - #PIX - Mensagem e imagem enviadas no Teams!
2025-05-02 22:08:36,409 - WARNING - #CHECKLIST - Mensagem e imagem enviadas no Teams!
2025-05-02 23:03:53,858 - WARNING - #CHECKLIST - Mensagem e imagem enviadas no Teams!
2025-05-02 23:04:39,432 - WARNING - #COMPARATIVO - Mensagem e imagem enviadas no Teams!
2025-05-03 00:36:54,971 - WARNING - #CHECKLIST - Mensagem e imagem enviadas no Teams!
2025-05-03 05:06:44,238 - WARNING - #CHECKLIST - Mensagem e imagem enviadas no Teams!
2025-05-03 19:06:27,345 - WARNING - #CHECKLIST - Mensagem e imagem enviadas no Teams!
2025-05-03 20:59:18,941 - WARNING - #CHECKLIST - Mensagem e imagem enviadas no Teams!
2025-05-03 20:59:41,333 - WARNING - #PIX - Mensagem e imagem enviadas no Teams!
2025-05-03 23:02:14,952 - WARNING - #CHECKLIST - Mensagem e imagem enviadas no Teams!
2025-05-03 23:02:59,347 - WARNING - #COMPARATIVO - Mensagem e imagem enviadas no Teams!
2025-05-03 23:41:19,198 - WARNING - Erro ao clicar no zoom PIX https://grafana-ocp4.adiq.io/d/f5067f59-9f90-4e0f-b86c-8c2ba32fc3a8/monitor-pix-gw-bancario-geral?orgId=1&from=1740997996000&to=1741040658000&var-dataselecionada=2025-05-04
2025-05-03 23:57:58,430 - WARNING - Retrying (Retry(total=2, connect=None, read=None, redirect=None, status=None)) after connection broken by 'NewConnectionError('<urllib3.connection.HTTPConnection object at 0x000001D9A49EF620>: Failed to establish a new connection: [WinError 10061] Nenhuma conexão pôde ser feita porque a máquina de destino as recusou ativamente')': /session/c3e1f056019d44914e9e08e7d8e4a337/url
2025-05-03 23:58:02,501 - WARNING - Retrying (Retry(total=1, connect=None, read=None, redirect=None, status=None)) after connection broken by 'NewConnectionError('<urllib3.connection.HTTPConnection object at 0x000001D9A4B75D10>: Failed to establish a new connection: [WinError 10061] Nenhuma conexão pôde ser feita porque a máquina de destino as recusou ativamente')': /session/c3e1f056019d44914e9e08e7d8e4a337/url
2025-05-03 23:58:06,602 - WARNING - Retrying (Retry(total=0, connect=None, read=None, redirect=None, status=None)) after connection broken by 'NewConnectionError('<urllib3.connection.HTTPConnection object at 0x000001D9A4B76490>: Failed to establish a new connection: [WinError 10061] Nenhuma conexão pôde ser feita porque a máquina de destino as recusou ativamente')': /session/c3e1f056019d44914e9e08e7d8e4a337/url
2025-05-03 23:59:08,069 - WARNING - #ADIQ+ - Mensagem e imagem enviadas no Teams!
2025-05-04 00:19:04,448 - WARNING - #CHECKLIST - Mensagem e imagem enviadas no Teams!
2025-05-04 01:13:03,008 - WARNING - #CHECKLIST - Mensagem e imagem enviadas no Teams!
2025-05-04 05:16:12,993 - WARNING - #CHECKLIST - Mensagem e imagem enviadas no Teams!
2025-05-04 19:06:45,148 - WARNING - #CHECKLIST - Mensagem e imagem enviadas no Teams!
2025-05-04 20:01:55,455 - WARNING - #CHECKLIST - Mensagem e imagem enviadas no Teams!
2025-05-04 20:02:40,518 - WARNING - #COMPARATIVO - Mensagem e imagem enviadas no Teams!
2025-05-04 20:03:27,048 - WARNING - #ADIQ+ - Mensagem e imagem enviadas no Teams!
2025-05-04 22:08:58,797 - WARNING - #CHECKLIST - Mensagem e imagem enviadas no Teams!
2025-05-04 23:02:24,351 - WARNING - #CHECKLIST - Mensagem e imagem enviadas no Teams!
2025-05-04 23:03:07,770 - WARNING - #COMPARATIVO - Mensagem e imagem enviadas no Teams!
2025-05-04 23:50:21,598 - WARNING - Erro ao clicar no zoom PIX https://grafana-ocp4.adiq.io/d/f5067f59-9f90-4e0f-b86c-8c2ba32fc3a8/monitor-pix-gw-bancario-geral?orgId=1&from=1740997996000&to=1741040658000&var-dataselecionada=2025-05-05
2025-05-04 23:51:24,748 - WARNING - #CHECKLIST - Mensagem e imagem enviadas no Teams!
2025-05-04 23:51:44,745 - WARNING - #PIX - Mensagem e imagem enviadas no Teams!
2025-05-04 23:59:12,640 - WARNING - #ADIQ+ - Mensagem e imagem enviadas no Teams!
2025-05-05 00:04:21,220 - WARNING - #CHECKLIST - Mensagem e imagem enviadas no Teams!
2025-05-05 01:09:13,162 - WARNING - #CHECKLIST - Mensagem e imagem enviadas no Teams!
2025-05-05 04:04:11,880 - WARNING - #CHECKLIST - Mensagem e imagem enviadas no Teams!
2025-05-05 05:05:40,441 - WARNING - #CHECKLIST - Mensagem e imagem enviadas no Teams!
2025-05-05 06:41:38,043 - WARNING - #CHECKLIST - Mensagem e imagem enviadas no Teams!
2025-05-07 20:06:51,090 - WARNING - #CHECKLIST - Mensagem e imagem enviadas no Teams!
2025-05-07 20:07:38,565 - WARNING - #COMPARATIVO - Mensagem e imagem enviadas no Teams!
2025-05-07 20:08:24,766 - WARNING - #ADIQ+ - Mensagem e imagem enviadas no Teams!
2025-05-07 22:06:12,256 - WARNING - #PIX - Mensagem e imagem enviadas no Teams!
2025-05-07 23:03:30,805 - WARNING - #CHECKLIST - Mensagem e imagem enviadas no Teams!
2025-05-07 23:04:12,833 - WARNING - #COMPARATIVO - Mensagem e imagem enviadas no Teams!
2025-05-08 02:09:48,249 - WARNING - #CHECKLIST - Mensagem e imagem enviadas no Teams!
2025-05-08 02:15:45,163 - WARNING - #CHECKLIST - Mensagem e imagem enviadas no Teams!
2025-05-08 03:06:44,260 - WARNING - #CHECKLIST - Mensagem e imagem enviadas no Teams!
2025-05-08 04:05:47,149 - WARNING - #CHECKLIST - Mensagem e imagem enviadas no Teams!
2025-05-08 05:16:06,622 - WARNING - #CHECKLIST - Mensagem e imagem enviadas no Teams!
2025-05-08 06:08:17,993 - WARNING - #CHECKLIST - Mensagem e imagem enviadas no Teams!
2025-05-08 20:06:47,182 - WARNING - #CHECKLIST - Mensagem e imagem enviadas no Teams!
2025-05-08 22:18:39,830 - WARNING - #CHECKLIST - Mensagem e imagem enviadas no Teams!
2025-05-08 23:36:55,660 - WARNING - #PIX - Mensagem e imagem enviadas no Teams!
2025-05-08 23:57:58,744 - WARNING - #ADIQ+ - Mensagem e imagem enviadas no Teams!
2025-05-09 00:10:34,629 - WARNING - #CHECKLIST - Mensagem e imagem enviadas no Teams!
2025-05-09 01:51:33,435 - WARNING - #CHECKLIST - Mensagem e imagem enviadas no Teams!
2025-05-09 05:28:50,582 - WARNING - #CHECKLIST - Mensagem e imagem enviadas no Teams!
2025-05-09 06:07:19,663 - WARNING - #CHECKLIST - Mensagem e imagem enviadas no Teams!
2025-05-12 21:02:21,509 - WARNING - #CHECKLIST - Mensagem e imagem enviadas no Teams!
2025-05-12 21:02:56,635 - WARNING - #PIX - Mensagem e imagem enviadas no Teams!
2025-05-12 22:19:03,938 - WARNING - #CHECKLIST - Mensagem e imagem enviadas no Teams!
2025-05-13 03:20:02,489 - WARNING - #CHECKLIST - Mensagem e imagem enviadas no Teams!
2025-05-13 03:42:20,432 - WARNING - #CHECKLIST - Mensagem e imagem enviadas no Teams!
2025-05-13 04:22:00,959 - WARNING - #CHECKLIST - Mensagem e imagem enviadas no Teams!
2025-05-13 05:14:43,215 - WARNING - Erro ao clicar no zoom PIX https://grafana-ocp4.adiq.io/d/f5067f59-9f90-4e0f-b86c-8c2ba32fc3a8/monitor-pix-gw-bancario-geral?orgId=1&from=1740997996000&to=1741040658000&var-dataselecionada=2025-05-13
2025-05-13 05:31:59,399 - WARNING - #CHECKLIST - Mensagem e imagem enviadas no Teams!
2025-05-13 06:16:24,395 - WARNING - #CHECKLIST - Mensagem e imagem enviadas no Teams!
2025-05-13 19:23:49,782 - WARNING - #CHECKLIST - Mensagem e imagem enviadas no Teams!
2025-05-13 20:18:05,679 - WARNING - #CHECKLIST - Mensagem e imagem enviadas no Teams!
2025-05-13 20:18:47,241 - WARNING - #COMPARATIVO - Mensagem e imagem enviadas no Teams!
2025-05-13 20:19:31,586 - WARNING - #ADIQ+ - Mensagem e imagem enviadas no Teams!
2025-05-13 21:22:51,243 - WARNING - #CHECKLIST - Mensagem e imagem enviadas no Teams!
2025-05-13 21:23:24,458 - WARNING - #PIX - Mensagem e imagem enviadas no Teams!
2025-05-13 23:02:35,154 - WARNING - #CHECKLIST - Mensagem e imagem enviadas no Teams!
2025-05-13 23:19:29,002 - WARNING - #COMPARATIVO - Mensagem e imagem enviadas no Teams!
2025-05-13 23:43:45,393 - WARNING - #PIX - Mensagem e imagem enviadas no Teams!
2025-05-13 23:58:14,418 - WARNING - #ADIQ+ - Mensagem e imagem enviadas no Teams!
2025-05-14 00:33:13,269 - WARNING - #CHECKLIST - Mensagem e imagem enviadas no Teams!
2025-05-14 00:34:51,969 - WARNING - #CHECKLIST - Mensagem e imagem enviadas no Teams!
2025-05-17 20:18:37,267 - WARNING - #CHECKLIST - Mensagem e imagem enviadas no Teams!
2025-05-17 20:19:19,309 - WARNING - #COMPARATIVO - Mensagem e imagem enviadas no Teams!
2025-05-17 20:20:03,674 - WARNING - #ADIQ+ - Mensagem e imagem enviadas no Teams!
2025-05-17 20:22:12,570 - WARNING - #CHECKLIST - Mensagem e imagem enviadas no Teams!
2025-05-17 21:06:09,548 - WARNING - #CHECKLIST - Mensagem e imagem enviadas no Teams!
2025-05-17 21:06:43,328 - WARNING - #PIX - Mensagem e imagem enviadas no Teams!
2025-05-17 22:57:32,502 - WARNING - #CHECKLIST - Mensagem e imagem enviadas no Teams!
2025-05-17 23:57:55,878 - WARNING - #PIX - Mensagem e imagem enviadas no Teams!
2025-05-17 23:58:39,926 - WARNING - #COMPARATIVO - Mensagem e imagem enviadas no Teams!
2025-05-17 23:59:26,776 - WARNING - #ADIQ+ - Mensagem e imagem enviadas no Teams!
2025-05-18 00:00:19,057 - WARNING - #PIX - Mensagem e imagem enviadas no Teams!
2025-05-18 00:00:52,700 - WARNING - #PIX - Mensagem e imagem enviadas no Teams!
2025-05-18 00:34:15,746 - WARNING - #CHECKLIST - Mensagem e imagem enviadas no Teams!
2025-05-18 19:34:21,966 - ERROR - Erro na execução do Checklist: Message: invalid session id: session deleted as the browser has closed the connection
from disconnected: not connected to DevTools
  (Session info: chrome=136.0.7103.114)
Stacktrace:
	GetHandleVerifier [0x00007FF72858CF65+75717]
	GetHandleVerifier [0x00007FF72858CFC0+75808]
	(No symbol) [0x00007FF728358F9A]
	(No symbol) [0x00007FF728344E35]
	(No symbol) [0x00007FF728369DB4]
	(No symbol) [0x00007FF7283DEE75]
	(No symbol) [0x00007FF7283FECC2]
	(No symbol) [0x00007FF7283D7153]
	(No symbol) [0x00007FF7283A0421]
	(No symbol) [0x00007FF7283A11B3]
	GetHandleVerifier [0x00007FF72888D74D+3223469]
	GetHandleVerifier [0x00007FF728887CF2+3200338]
	GetHandleVerifier [0x00007FF7288A5B23+3322755]
	GetHandleVerifier [0x00007FF7285A6A3A+180890]
	GetHandleVerifier [0x00007FF7285AE13F+211359]
	GetHandleVerifier [0x00007FF7285952B4+109332]
	GetHandleVerifier [0x00007FF728595462+109762]
	GetHandleVerifier [0x00007FF72857BA79+4825]
	BaseThreadInitThunk [0x00007FFEEEF07374+20]
	RtlUserThreadStart [0x00007FFEF055CC91+33]

2025-05-18 19:34:22,065 - WARNING - Erro detectado, iniciando tentativa de reinicialização...
2025-05-18 19:34:22,066 - INFO - Tentando reiniciar a aplicação após erro...
2025-05-18 19:34:24,097 - INFO - Driver atual fechado com sucesso.
2025-05-18 19:34:27,156 - INFO - Navegador reaberto com sucesso.
2025-05-18 19:34:31,214 - WARNING - Retrying (Retry(total=2, connect=None, read=None, redirect=None, status=None)) after connection broken by 'NewConnectionError('<urllib3.connection.HTTPConnection object at 0x0000019243EB8410>: Failed to establish a new connection: [WinError 10061] Nenhuma conexão pôde ser feita porque a máquina de destino as recusou ativamente')': /session/4f57a39b896e5d0e72e27cbbaf83bdf6/url
2025-05-18 19:34:35,269 - WARNING - Retrying (Retry(total=1, connect=None, read=None, redirect=None, status=None)) after connection broken by 'NewConnectionError('<urllib3.connection.HTTPConnection object at 0x0000019243D9DE00>: Failed to establish a new connection: [WinError 10061] Nenhuma conexão pôde ser feita porque a máquina de destino as recusou ativamente')': /session/4f57a39b896e5d0e72e27cbbaf83bdf6/url
2025-05-18 19:34:39,330 - WARNING - Retrying (Retry(total=0, connect=None, read=None, redirect=None, status=None)) after connection broken by 'NewConnectionError('<urllib3.connection.HTTPConnection object at 0x0000019243D9DF30>: Failed to establish a new connection: [WinError 10061] Nenhuma conexão pôde ser feita porque a máquina de destino as recusou ativamente')': /session/4f57a39b896e5d0e72e27cbbaf83bdf6/url
2025-05-18 19:34:43,372 - ERROR - Erro na execução do Checklist: HTTPConnectionPool(host='localhost', port=51467): Max retries exceeded with url: /session/4f57a39b896e5d0e72e27cbbaf83bdf6/url (Caused by NewConnectionError('<urllib3.connection.HTTPConnection object at 0x0000019243E61250>: Failed to establish a new connection: [WinError 10061] Nenhuma conexão pôde ser feita porque a máquina de destino as recusou ativamente'))
2025-05-18 19:34:43,448 - WARNING - Erro detectado, iniciando tentativa de reinicialização...
2025-05-18 19:34:43,449 - INFO - Tentando reiniciar a aplicação após erro...
2025-05-18 19:34:47,535 - WARNING - Retrying (Retry(total=2, connect=None, read=None, redirect=None, status=None)) after connection broken by 'NewConnectionError('<urllib3.connection.HTTPConnection object at 0x0000019243E1E030>: Failed to establish a new connection: [WinError 10061] Nenhuma conexão pôde ser feita porque a máquina de destino as recusou ativamente')': /session/4f57a39b896e5d0e72e27cbbaf83bdf6
2025-05-18 19:34:51,620 - WARNING - Retrying (Retry(total=1, connect=None, read=None, redirect=None, status=None)) after connection broken by 'NewConnectionError('<urllib3.connection.HTTPConnection object at 0x0000019243E1E360>: Failed to establish a new connection: [WinError 10061] Nenhuma conexão pôde ser feita porque a máquina de destino as recusou ativamente')': /session/4f57a39b896e5d0e72e27cbbaf83bdf6
2025-05-18 19:34:55,694 - WARNING - Retrying (Retry(total=0, connect=None, read=None, redirect=None, status=None)) after connection broken by 'NewConnectionError('<urllib3.connection.HTTPConnection object at 0x0000019243E1E7A0>: Failed to establish a new connection: [WinError 10061] Nenhuma conexão pôde ser feita porque a máquina de destino as recusou ativamente')': /session/4f57a39b896e5d0e72e27cbbaf83bdf6
2025-05-18 19:34:59,754 - INFO - Driver atual fechado com sucesso.
2025-05-18 19:35:02,825 - INFO - Navegador reaberto com sucesso.
2025-05-18 19:35:06,898 - WARNING - Retrying (Retry(total=2, connect=None, read=None, redirect=None, status=None)) after connection broken by 'NewConnectionError('<urllib3.connection.HTTPConnection object at 0x0000019243E1F240>: Failed to establish a new connection: [WinError 10061] Nenhuma conexão pôde ser feita porque a máquina de destino as recusou ativamente')': /session/4f57a39b896e5d0e72e27cbbaf83bdf6/url
2025-05-18 19:35:10,953 - WARNING - Retrying (Retry(total=1, connect=None, read=None, redirect=None, status=None)) after connection broken by 'NewConnectionError('<urllib3.connection.HTTPConnection object at 0x0000019243E1F570>: Failed to establish a new connection: [WinError 10061] Nenhuma conexão pôde ser feita porque a máquina de destino as recusou ativamente')': /session/4f57a39b896e5d0e72e27cbbaf83bdf6/url
2025-05-18 19:35:15,046 - WARNING - Retrying (Retry(total=0, connect=None, read=None, redirect=None, status=None)) after connection broken by 'NewConnectionError('<urllib3.connection.HTTPConnection object at 0x0000019243E1F8A0>: Failed to establish a new connection: [WinError 10061] Nenhuma conexão pôde ser feita porque a máquina de destino as recusou ativamente')': /session/4f57a39b896e5d0e72e27cbbaf83bdf6/url
2025-05-18 19:35:19,149 - ERROR - Erro na execução do Checklist: HTTPConnectionPool(host='localhost', port=51467): Max retries exceeded with url: /session/4f57a39b896e5d0e72e27cbbaf83bdf6/url (Caused by NewConnectionError('<urllib3.connection.HTTPConnection object at 0x0000019243E1FBD0>: Failed to establish a new connection: [WinError 10061] Nenhuma conexão pôde ser feita porque a máquina de destino as recusou ativamente'))
2025-05-18 19:35:23,311 - WARNING - Erro detectado, iniciando tentativa de reinicialização...
2025-05-18 19:35:23,311 - INFO - Tentando reiniciar a aplicação após erro...
2025-05-18 19:35:27,371 - WARNING - Retrying (Retry(total=2, connect=None, read=None, redirect=None, status=None)) after connection broken by 'NewConnectionError('<urllib3.connection.HTTPConnection object at 0x0000019243E1F020>: Failed to establish a new connection: [WinError 10061] Nenhuma conexão pôde ser feita porque a máquina de destino as recusou ativamente')': /session/4f57a39b896e5d0e72e27cbbaf83bdf6
2025-05-18 19:35:31,480 - WARNING - Retrying (Retry(total=1, connect=None, read=None, redirect=None, status=None)) after connection broken by 'NewConnectionError('<urllib3.connection.HTTPConnection object at 0x0000019243E1EAD0>: Failed to establish a new connection: [WinError 10061] Nenhuma conexão pôde ser feita porque a máquina de destino as recusou ativamente')': /session/4f57a39b896e5d0e72e27cbbaf83bdf6
2025-05-18 19:35:35,526 - WARNING - Retrying (Retry(total=0, connect=None, read=None, redirect=None, status=None)) after connection broken by 'NewConnectionError('<urllib3.connection.HTTPConnection object at 0x0000019243E1ECF0>: Failed to establish a new connection: [WinError 10061] Nenhuma conexão pôde ser feita porque a máquina de destino as recusou ativamente')': /session/4f57a39b896e5d0e72e27cbbaf83bdf6
2025-05-18 19:35:39,583 - INFO - Driver atual fechado com sucesso.
2025-05-18 19:35:42,621 - INFO - Navegador reaberto com sucesso.
2025-05-18 19:35:46,691 - WARNING - Retrying (Retry(total=2, connect=None, read=None, redirect=None, status=None)) after connection broken by 'NewConnectionError('<urllib3.connection.HTTPConnection object at 0x0000019243E1F130>: Failed to establish a new connection: [WinError 10061] Nenhuma conexão pôde ser feita porque a máquina de destino as recusou ativamente')': /session/4f57a39b896e5d0e72e27cbbaf83bdf6/url
2025-05-18 20:19:04,609 - WARNING - #CHECKLIST - Mensagem e imagem enviadas no Teams!
2025-05-18 20:19:47,609 - WARNING - #COMPARATIVO - Mensagem e imagem enviadas no Teams!
2025-05-18 20:20:32,535 - WARNING - #ADIQ+ - Mensagem e imagem enviadas no Teams!
2025-05-18 20:22:12,248 - WARNING - #CHECKLIST - Mensagem e imagem enviadas no Teams!
2025-05-18 21:00:20,054 - WARNING - Retrying (Retry(total=2, connect=None, read=None, redirect=None, status=None)) after connection broken by 'NewConnectionError('<urllib3.connection.HTTPConnection object at 0x0000020C60E89550>: Failed to establish a new connection: [WinError 10061] Nenhuma conexão pôde ser feita porque a máquina de destino as recusou ativamente')': /session/bcaf4d0ef638fadd4c25d2004abf29e2/url
2025-05-18 21:00:24,111 - WARNING - Retrying (Retry(total=1, connect=None, read=None, redirect=None, status=None)) after connection broken by 'NewConnectionError('<urllib3.connection.HTTPConnection object at 0x0000020C60F4AFD0>: Failed to establish a new connection: [WinError 10061] Nenhuma conexão pôde ser feita porque a máquina de destino as recusou ativamente')': /session/bcaf4d0ef638fadd4c25d2004abf29e2/url
2025-05-18 21:00:28,160 - WARNING - Retrying (Retry(total=0, connect=None, read=None, redirect=None, status=None)) after connection broken by 'NewConnectionError('<urllib3.connection.HTTPConnection object at 0x0000020C60F4B390>: Failed to establish a new connection: [WinError 10061] Nenhuma conexão pôde ser feita porque a máquina de destino as recusou ativamente')': /session/bcaf4d0ef638fadd4c25d2004abf29e2/url
2025-05-18 21:00:36,414 - WARNING - Retrying (Retry(total=2, connect=None, read=None, redirect=None, status=None)) after connection broken by 'NewConnectionError('<urllib3.connection.HTTPConnection object at 0x0000020C60F16060>: Failed to establish a new connection: [WinError 10061] Nenhuma conexão pôde ser feita porque a máquina de destino as recusou ativamente')': /session/bcaf4d0ef638fadd4c25d2004abf29e2/url
2025-05-18 21:00:40,477 - WARNING - Retrying (Retry(total=1, connect=None, read=None, redirect=None, status=None)) after connection broken by 'NewConnectionError('<urllib3.connection.HTTPConnection object at 0x0000020C60FDD130>: Failed to establish a new connection: [WinError 10061] Nenhuma conexão pôde ser feita porque a máquina de destino as recusou ativamente')': /session/bcaf4d0ef638fadd4c25d2004abf29e2/url
2025-05-18 21:00:44,554 - WARNING - Retrying (Retry(total=0, connect=None, read=None, redirect=None, status=None)) after connection broken by 'NewConnectionError('<urllib3.connection.HTTPConnection object at 0x0000020C60F9E470>: Failed to establish a new connection: [WinError 10061] Nenhuma conexão pôde ser feita porque a máquina de destino as recusou ativamente')': /session/bcaf4d0ef638fadd4c25d2004abf29e2/url
2025-05-18 21:02:48,598 - WARNING - #CHECKLIST - Mensagem e imagem enviadas no Teams!
2025-05-18 21:03:24,731 - WARNING - #PIX - Mensagem e imagem enviadas no Teams!
2025-05-18 22:04:33,966 - WARNING - #CHECKLIST - Mensagem e imagem enviadas no Teams!
2025-05-18 23:14:44,081 - WARNING - #CHECKLIST - Mensagem e imagem enviadas no Teams!
2025-05-18 23:15:28,624 - WARNING - #COMPARATIVO - Mensagem e imagem enviadas no Teams!
2025-05-18 23:31:02,289 - WARNING - #PIX - Mensagem e imagem enviadas no Teams!
2025-05-19 05:14:48,101 - WARNING - #CHECKLIST - Mensagem e imagem enviadas no Teams!
2025-05-19 06:13:10,933 - WARNING - #CHECKLIST - Mensagem e imagem enviadas no Teams!
2025-05-21 22:08:58,686 - WARNING - #CHECKLIST - Mensagem e imagem enviadas no Teams!
2025-05-21 23:38:26,057 - WARNING - #CHECKLIST - Mensagem e imagem enviadas no Teams!
2025-05-21 23:39:11,789 - WARNING - #COMPARATIVO - Mensagem e imagem enviadas no Teams!
2025-05-21 23:54:29,279 - WARNING - #PIX - Mensagem e imagem enviadas no Teams!
2025-05-21 23:59:00,233 - WARNING - #ADIQ+ - Mensagem e imagem enviadas no Teams!
2025-05-22 00:10:15,483 - WARNING - #CHECKLIST - Mensagem e imagem enviadas no Teams!
2025-05-22 01:02:15,042 - WARNING - #CHECKLIST - Mensagem e imagem enviadas no Teams!
2025-05-22 05:07:14,132 - WARNING - #CHECKLIST - Mensagem e imagem enviadas no Teams!
2025-05-22 06:06:36,834 - WARNING - #CHECKLIST - Mensagem e imagem enviadas no Teams!
2025-05-22 07:03:03,540 - WARNING - #CHECKLIST - Mensagem e imagem enviadas no Teams!
2025-05-22 19:06:47,521 - WARNING - #CHECKLIST - Mensagem e imagem enviadas no Teams!
2025-05-22 19:11:58,210 - WARNING - #CHECKLIST - Mensagem e imagem enviadas no Teams!
2025-05-22 21:10:20,546 - WARNING - #CHECKLIST - Mensagem e imagem enviadas no Teams!
2025-05-22 21:10:51,800 - WARNING - #PIX - Mensagem e imagem enviadas no Teams!
2025-05-22 22:06:39,551 - WARNING - #CHECKLIST - Mensagem e imagem enviadas no Teams!
2025-05-22 23:04:00,760 - WARNING - #CHECKLIST - Mensagem e imagem enviadas no Teams!
2025-05-22 23:04:47,427 - WARNING - #COMPARATIVO - Mensagem e imagem enviadas no Teams!
2025-05-22 23:32:27,389 - WARNING - Erro ao clicar no zoom PIX https://grafana-ocp4.adiq.io/d/f5067f59-9f90-4e0f-b86c-8c2ba32fc3a8/monitor-pix-gw-bancario-geral?orgId=1&from=1740997996000&to=1741040658000&var-dataselecionada=2025-05-23
2025-05-22 23:32:45,543 - WARNING - #PIX - Mensagem e imagem enviadas no Teams!
2025-05-22 23:33:20,127 - WARNING - #PIX - Mensagem e imagem enviadas no Teams!
2025-05-22 23:59:52,824 - WARNING - #ADIQ+ - Mensagem e imagem enviadas no Teams!
2025-05-23 00:32:17,017 - WARNING - #CHECKLIST - Mensagem e imagem enviadas no Teams!
2025-05-23 01:02:48,559 - WARNING - #CHECKLIST - Mensagem e imagem enviadas no Teams!
2025-05-23 04:02:17,980 - WARNING - Erro ao clicar no zoom PIX https://grafana-ocp4.adiq.io/d/f5067f59-9f90-4e0f-b86c-8c2ba32fc3a8/monitor-pix-gw-bancario-geral?orgId=1&from=1740997996000&to=1741040658000
2025-05-23 04:07:51,507 - WARNING - #CHECKLIST - Mensagem e imagem enviadas no Teams!
2025-05-23 05:10:45,599 - WARNING - #CHECKLIST - Mensagem e imagem enviadas no Teams!
2025-05-23 06:17:28,280 - WARNING - #CHECKLIST - Mensagem e imagem enviadas no Teams!
2025-05-26 20:16:31,944 - WARNING - #CHECKLIST - Mensagem e imagem enviadas no Teams!
2025-05-26 20:18:23,268 - WARNING - #COMPARATIVO - Mensagem e imagem enviadas no Teams!
2025-05-26 20:19:09,458 - WARNING - #ADIQ+ - Mensagem e imagem enviadas no Teams!
2025-05-26 20:35:16,084 - WARNING - #CHECKLIST - Mensagem e imagem enviadas no Teams!
2025-05-26 21:20:57,207 - WARNING - #CHECKLIST - Mensagem e imagem enviadas no Teams!
2025-05-26 21:21:31,703 - WARNING - #PIX - Mensagem e imagem enviadas no Teams!
2025-05-26 22:22:12,560 - WARNING - #CHECKLIST - Mensagem e imagem enviadas no Teams!
2025-05-26 22:26:30,207 - WARNING - #CHECKLIST - Mensagem e imagem enviadas no Teams!
2025-05-26 22:29:37,159 - WARNING - #CHECKLIST - Mensagem e imagem enviadas no Teams!
2025-05-26 23:07:06,256 - WARNING - #CHECKLIST - Mensagem e imagem enviadas no Teams!
2025-05-26 23:07:50,257 - WARNING - #COMPARATIVO - Mensagem e imagem enviadas no Teams!
2025-05-26 23:40:05,196 - WARNING - #PIX - Mensagem e imagem enviadas no Teams!
2025-05-27 00:01:12,132 - WARNING - #ADIQ+ - Mensagem e imagem enviadas no Teams!
2025-05-27 00:04:56,902 - WARNING - Erro ao clicar no zoom PIX https://grafana-ocp4.adiq.io/d/f5067f59-9f90-4e0f-b86c-8c2ba32fc3a8/monitor-pix-gw-bancario-geral?orgId=1&from=1740997996000&to=1741040658000
2025-05-27 00:05:41,334 - WARNING - #CHECKLIST - Mensagem e imagem enviadas no Teams!
2025-05-27 01:14:10,900 - WARNING - #CHECKLIST - Mensagem e imagem enviadas no Teams!
2025-05-27 04:23:23,313 - WARNING - #CHECKLIST - Mensagem e imagem enviadas no Teams!
2025-05-27 19:06:21,844 - WARNING - #CHECKLIST - Mensagem e imagem enviadas no Teams!
2025-05-27 20:10:46,688 - WARNING - #CHECKLIST - Mensagem e imagem enviadas no Teams!
2025-05-27 20:11:30,317 - WARNING - #COMPARATIVO - Mensagem e imagem enviadas no Teams!
2025-05-27 20:12:15,642 - WARNING - #ADIQ+ - Mensagem e imagem enviadas no Teams!
2025-05-27 21:06:51,303 - WARNING - #CHECKLIST - Mensagem e imagem enviadas no Teams!
2025-05-27 21:07:22,312 - WARNING - #PIX - Mensagem e imagem enviadas no Teams!
2025-05-27 22:04:55,693 - WARNING - #CHECKLIST - Mensagem e imagem enviadas no Teams!
2025-05-27 23:06:28,231 - WARNING - #CHECKLIST - Mensagem e imagem enviadas no Teams!
2025-05-27 23:07:11,493 - WARNING - #COMPARATIVO - Mensagem e imagem enviadas no Teams!
2025-05-27 23:31:25,561 - WARNING - #PIX - Mensagem e imagem enviadas no Teams!
2025-05-27 23:58:58,380 - WARNING - #ADIQ+ - Mensagem e imagem enviadas no Teams!
2025-05-28 00:03:44,200 - WARNING - Erro ao clicar no zoom PIX https://grafana-ocp4.adiq.io/d/f5067f59-9f90-4e0f-b86c-8c2ba32fc3a8/monitor-pix-gw-bancario-geral?orgId=1&from=1740997996000&to=1741040658000
2025-05-28 00:04:30,558 - WARNING - #CHECKLIST - Mensagem e imagem enviadas no Teams!
2025-05-28 03:16:08,461 - WARNING - #CHECKLIST - Mensagem e imagem enviadas no Teams!
2025-05-28 04:05:34,680 - WARNING - #CHECKLIST - Mensagem e imagem enviadas no Teams!
2025-05-28 05:08:00,668 - WARNING - #CHECKLIST - Mensagem e imagem enviadas no Teams!
2025-05-28 06:10:58,724 - WARNING - #CHECKLIST - Mensagem e imagem enviadas no Teams!
2025-05-30 20:06:22,340 - WARNING - #CHECKLIST - Mensagem e imagem enviadas no Teams!
2025-05-30 20:07:07,118 - WARNING - #COMPARATIVO - Mensagem e imagem enviadas no Teams!
2025-05-30 20:07:51,965 - WARNING - #ADIQ+ - Mensagem e imagem enviadas no Teams!
2025-05-30 21:24:22,773 - WARNING - #CHECKLIST - Mensagem e imagem enviadas no Teams!
2025-05-30 21:24:56,951 - WARNING - #PIX - Mensagem e imagem enviadas no Teams!
2025-05-30 22:04:54,076 - WARNING - #CHECKLIST - Mensagem e imagem enviadas no Teams!
2025-05-30 23:10:54,307 - WARNING - #CHECKLIST - Mensagem e imagem enviadas no Teams!
2025-05-30 23:11:40,800 - WARNING - #COMPARATIVO - Mensagem e imagem enviadas no Teams!
2025-05-30 23:31:07,174 - WARNING - #PIX - Mensagem e imagem enviadas no Teams!
2025-05-31 04:16:34,866 - WARNING - #CHECKLIST - Mensagem e imagem enviadas no Teams!
2025-05-31 05:29:44,261 - WARNING - Erro ao clicar no zoom PIX https://grafana-ocp4.adiq.io/d/f5067f59-9f90-4e0f-b86c-8c2ba32fc3a8/monitor-pix-gw-bancario-geral?orgId=1&from=1740997996000&to=1741040658000
2025-05-31 05:30:46,113 - WARNING - #CHECKLIST - Mensagem e imagem enviadas no Teams!
2025-06-04 19:25:34,101 - WARNING - Erro ao clicar no zoom PIX https://grafana-ocp4.adiq.io/d/f5067f59-9f90-4e0f-b86c-8c2ba32fc3a8/monitor-pix-gw-bancario-geral?orgId=1&from=1740997996000&to=1741040658000
2025-06-04 19:26:20,383 - WARNING - #CHECKLIST - Mensagem e imagem enviadas no Teams!
2025-06-13 19:19:57,239 - WARNING - #CHECKLIST - Mensagem e imagem enviadas no Teams!
2025-06-13 20:08:27,877 - WARNING - #CHECKLIST - Mensagem e imagem enviadas no Teams!
2025-06-13 20:09:11,989 - WARNING - #COMPARATIVO - Mensagem e imagem enviadas no Teams!
2025-06-13 20:09:59,045 - WARNING - #ADIQ+ - Mensagem e imagem enviadas no Teams!
2025-06-13 21:39:29,601 - WARNING - #CHECKLIST - Mensagem e imagem enviadas no Teams!
2025-06-13 23:00:08,163 - WARNING - #PIX - Mensagem e imagem enviadas no Teams!
2025-06-13 23:02:44,463 - WARNING - #CHECKLIST - Mensagem e imagem enviadas no Teams!
2025-06-13 23:03:29,780 - WARNING - #COMPARATIVO - Mensagem e imagem enviadas no Teams!
2025-06-13 23:47:25,594 - WARNING - #PIX - Mensagem e imagem enviadas no Teams!
2025-06-14 03:02:20,182 - WARNING - #CHECKLIST - Mensagem e imagem enviadas no Teams!
2025-06-14 04:05:10,541 - WARNING - #CHECKLIST - Mensagem e imagem enviadas no Teams!
2025-06-14 05:16:20,474 - WARNING - #CHECKLIST - Mensagem e imagem enviadas no Teams!
2025-06-14 06:04:50,492 - WARNING - #CHECKLIST - Mensagem e imagem enviadas no Teams!
2025-06-15 23:14:42,320 - WARNING - #CHECKLIST - Mensagem e imagem enviadas no Teams!
2025-06-18 20:13:21,871 - WARNING - Retrying (Retry(total=2, connect=None, read=None, redirect=None, status=None)) after connection broken by 'NewConnectionError('<urllib3.connection.HTTPConnection object at 0x00000278AA935220>: Failed to establish a new connection: [WinError 10061] Nenhuma conexão pôde ser feita porque a máquina de destino as recusou ativamente')': /session/dba3a1f06b290c24748513659b58dcc6/url
2025-06-18 20:15:27,416 - WARNING - #CHECKLIST - Mensagem e imagem enviadas no Teams!
2025-06-18 20:16:09,997 - WARNING - #COMPARATIVO - Mensagem e imagem enviadas no Teams!
2025-06-18 20:16:54,659 - WARNING - #ADIQ+ - Mensagem e imagem enviadas no Teams!
2025-06-18 21:10:25,770 - WARNING - #CHECKLIST - Mensagem e imagem enviadas no Teams!
2025-06-18 21:11:23,431 - WARNING - Erro ao clicar no zoom PIX https://grafana-ocp4.adiq.io/d/f5067f59-9f90-4e0f-b86c-8c2ba32fc3a8/monitor-pix-gw-bancario-geral?orgId=1&from=1740997996000&to=1741040658000&var-dataselecionada=2025-06-18
2025-06-18 21:13:35,952 - WARNING - Erro ao clicar no zoom PIX https://grafana-ocp4.adiq.io/d/f5067f59-9f90-4e0f-b86c-8c2ba32fc3a8/monitor-pix-gw-bancario-geral?orgId=1&from=1740997996000&to=1741040658000&var-dataselecionada=2025-06-18
2025-06-18 21:17:18,712 - WARNING - #PIX - Mensagem e imagem enviadas no Teams!
2025-06-18 21:18:24,758 - WARNING - #PIX - Mensagem e imagem enviadas no Teams!
2025-06-18 21:21:58,645 - WARNING - #PIX - Mensagem e imagem enviadas no Teams!
2025-06-18 21:22:59,430 - WARNING - #PIX - Mensagem e imagem enviadas no Teams!
2025-06-18 21:23:59,668 - WARNING - #PIX - Mensagem e imagem enviadas no Teams!
2025-06-18 21:26:00,028 - WARNING - \u274c Erro ao enviar mensagem e imagem: [Errno 2] No such file or directory: 'img/pix_status'
2025-06-18 21:27:28,067 - WARNING - #PIX - Mensagem e imagem enviadas no Teams!
2025-06-18 21:30:28,579 - WARNING - #PIX - Mensagem e imagem enviadas no Teams!
2025-06-18 22:00:51,775 - WARNING - #CHECKLIST - Mensagem e imagem enviadas no Teams!
2025-06-18 23:18:02,247 - WARNING - #CHECKLIST - Mensagem e imagem enviadas no Teams!
2025-06-18 23:18:46,648 - WARNING - #COMPARATIVO - Mensagem e imagem enviadas no Teams!
2025-06-18 23:41:22,261 - WARNING - #PIX - Mensagem e imagem enviadas no Teams!
2025-06-18 23:58:10,099 - WARNING - #ADIQ+ - Mensagem e imagem enviadas no Teams!
2025-06-19 00:03:18,220 - WARNING - Erro ao clicar no zoom PIX https://grafana-ocp4.adiq.io/d/f5067f59-9f90-4e0f-b86c-8c2ba32fc3a8/monitor-pix-gw-bancario-geral?orgId=1&from=1740997996000&to=1741040658000
2025-06-19 00:04:08,454 - WARNING - #CHECKLIST - Mensagem e imagem enviadas no Teams!
2025-06-19 01:34:44,473 - WARNING - #CHECKLIST - Mensagem e imagem enviadas no Teams!
2025-06-19 06:22:12,967 - WARNING - #CHECKLIST - Mensagem e imagem enviadas no Teams!
2025-06-19 19:20:20,137 - WARNING - #CHECKLIST - Mensagem e imagem enviadas no Teams!
2025-06-19 20:02:16,330 - WARNING - #CHECKLIST - Mensagem e imagem enviadas no Teams!
2025-06-19 20:03:00,795 - WARNING - #COMPARATIVO - Mensagem e imagem enviadas no Teams!
2025-06-19 20:03:46,709 - WARNING - #ADIQ+ - Mensagem e imagem enviadas no Teams!
2025-06-19 21:02:49,657 - WARNING - #CHECKLIST - Mensagem e imagem enviadas no Teams!
2025-06-19 21:03:34,076 - WARNING - #PIX - Mensagem e imagem enviadas no Teams!
2025-06-19 22:31:38,571 - WARNING - #CHECKLIST - Mensagem e imagem enviadas no Teams!
2025-06-19 23:07:00,295 - WARNING - #CHECKLIST - Mensagem e imagem enviadas no Teams!
2025-06-19 23:07:42,693 - WARNING - #COMPARATIVO - Mensagem e imagem enviadas no Teams!
2025-06-19 23:58:16,867 - WARNING - #ADIQ+ - Mensagem e imagem enviadas no Teams!
2025-06-19 23:59:16,932 - WARNING - #PIX - Mensagem e imagem enviadas no Teams!
2025-06-20 00:21:54,517 - WARNING - #CHECKLIST - Mensagem e imagem enviadas no Teams!
2025-06-20 05:25:47,303 - WARNING - #CHECKLIST - Mensagem e imagem enviadas no Teams!
2025-06-20 06:12:18,944 - WARNING - #CHECKLIST - Mensagem e imagem enviadas no Teams!
2025-06-23 22:44:08,593 - WARNING - #CHECKLIST - Mensagem e imagem enviadas no Teams!
2025-06-23 23:14:47,225 - WARNING - #CHECKLIST - Mensagem e imagem enviadas no Teams!
2025-06-23 23:15:31,489 - WARNING - #COMPARATIVO - Mensagem e imagem enviadas no Teams!
2025-06-23 23:47:27,211 - WARNING - Erro ao clicar no zoom PIX https://grafana-ocp4.adiq.io/d/f5067f59-9f90-4e0f-b86c-8c2ba32fc3a8/monitor-pix-gw-bancario-geral?orgId=1&from=1740997996000&to=1741040658000&var-dataselecionada=2025-06-24
2025-06-23 23:47:48,143 - WARNING - #PIX - Mensagem e imagem enviadas no Teams!
2025-06-24 00:09:09,013 - WARNING - #ADIQ+ - Mensagem e imagem enviadas no Teams!
2025-06-24 00:16:59,617 - WARNING - #CHECKLIST - Mensagem e imagem enviadas no Teams!
2025-06-24 01:16:36,458 - WARNING - #CHECKLIST - Mensagem e imagem enviadas no Teams!
2025-06-24 05:06:31,732 - WARNING - #CHECKLIST - Mensagem e imagem enviadas no Teams!
2025-06-24 06:06:33,280 - WARNING - #CHECKLIST - Mensagem e imagem enviadas no Teams!
2025-06-24 19:30:21,379 - WARNING - #PIX - Mensagem e imagem enviadas no Teams!
2025-06-24 19:31:56,760 - INFO - \U0001f5bc\ufe0f Screenshot salva: img/pix_prd.png
2025-06-24 19:32:06,301 - INFO - \U0001f5bc\ufe0f Screenshot salva: img/pix_status.png
2025-06-24 19:39:09,136 - INFO - \U0001f5bc\ufe0f Screenshot salva: img/pix_prd.png
2025-06-24 19:39:18,633 - INFO - \U0001f5bc\ufe0f Screenshot salva: img/pix_status.png
2025-06-24 19:44:10,164 - INFO - \U0001f5bc\ufe0f Screenshot salva: img/pix_prd.png
2025-06-24 19:45:11,466 - INFO - \U0001f5bc\ufe0f Screenshot salva: img/pix_prd.png
2025-06-24 19:45:22,935 - INFO - \U0001f5bc\ufe0f Screenshot salva: img/pix_status.png
2025-06-24 19:45:31,906 - INFO - \U0001f5bc\ufe0f Screenshot salva: img/pix.png
2025-06-24 19:47:59,784 - INFO - \U0001f5bc\ufe0f Screenshot salva: img/pix_prd.png
2025-06-24 19:48:11,556 - INFO - \U0001f5bc\ufe0f Screenshot salva: img/pix_status.png
2025-06-24 19:48:40,706 - INFO - \U0001f5bc\ufe0f Screenshot salva: img/pix_prd.png
2025-06-24 19:48:52,215 - INFO - \U0001f5bc\ufe0f Screenshot salva: img/pix_status.png
2025-06-24 19:53:30,451 - INFO - \U0001f5bc\ufe0f Screenshot salva: img/fisico.png
2025-06-24 19:53:50,419 - INFO - \U0001f5bc\ufe0f Screenshot salva: img/fisico.png
2025-06-24 19:53:58,410 - INFO - \U0001f5bc\ufe0f Screenshot salva: img/ecommerce.png
2025-06-24 19:54:06,676 - INFO - \U0001f5bc\ufe0f Screenshot salva: img/arquivos.png
2025-06-24 19:54:18,317 - INFO - \U0001f5bc\ufe0f Screenshot salva: img/banese.png
2025-06-24 19:54:26,530 - INFO - \U0001f5bc\ufe0f Screenshot salva: img/unificada.png
2025-06-24 19:54:38,030 - INFO - \U0001f5bc\ufe0f Screenshot salva: img/softpass.png
2025-06-24 19:54:46,712 - INFO - \U0001f5bc\ufe0f Screenshot salva: img/pix.png
2025-06-24 19:54:54,162 - INFO - \U0001f5bc\ufe0f Screenshot salva: img/zabbix.png
2025-06-24 19:55:03,683 - INFO - \U0001f5bc\ufe0f Screenshot salva: img/uptime.png
2025-06-24 19:55:39,878 - WARNING - #CHECKLIST - Mensagem e imagem enviadas no Teams!
2025-06-24 20:03:11,978 - INFO - \U0001f5bc\ufe0f Screenshot salva: img/pix_prd.png
2025-06-24 20:03:37,902 - INFO - \U0001f5bc\ufe0f Screenshot salva: img/pix_prd.png
2025-06-24 20:03:49,350 - INFO - \U0001f5bc\ufe0f Screenshot salva: img/pix_status.png
2025-06-24 20:05:23,874 - INFO - \U0001f5bc\ufe0f Screenshot salva: img/pix_prd.png
2025-06-24 20:05:35,512 - INFO - \U0001f5bc\ufe0f Screenshot salva: img/pix_status.png
2025-06-24 20:05:52,274 - INFO - \U0001f5bc\ufe0f Screenshot salva: img/pix_prd.png
2025-06-24 20:06:03,785 - INFO - \U0001f5bc\ufe0f Screenshot salva: img/pix_status.png
2025-06-24 20:06:12,462 - INFO - \U0001f5bc\ufe0f Screenshot salva: img/pix.png
2025-06-24 20:07:14,174 - INFO - \U0001f5bc\ufe0f Screenshot salva: img/pix_prd.png
2025-06-24 20:07:36,746 - INFO - \U0001f5bc\ufe0f Screenshot salva: img/pix_prd.png
2025-06-24 20:07:48,241 - INFO - \U0001f5bc\ufe0f Screenshot salva: img/pix_status.png
2025-06-24 20:07:56,968 - INFO - \U0001f5bc\ufe0f Screenshot salva: img/pix.png
2025-06-24 20:20:03,696 - INFO - \U0001f5bc\ufe0f Screenshot salva: img/cecommerce.png
2025-06-24 20:20:30,411 - INFO - \U0001f5bc\ufe0f Screenshot salva: img/cecommerce.png
2025-06-24 20:20:44,328 - INFO - \U0001f5bc\ufe0f Screenshot salva: img/cfisico.png
2025-06-24 20:21:03,428 - WARNING - #COMPARATIVO - Mensagem e imagem enviadas no Teams!
2025-06-24 20:21:49,395 - WARNING - #ADIQ+ - Mensagem e imagem enviadas no Teams!
2025-06-24 20:30:02,410 - INFO - \U0001f5bc\ufe0f Screenshot salva: img/wtnet.png
2025-06-24 21:01:04,430 - INFO - \U0001f5bc\ufe0f Screenshot salva: img/fisico.png
2025-06-24 21:01:12,465 - INFO - \U0001f5bc\ufe0f Screenshot salva: img/ecommerce.png
2025-06-24 21:01:21,069 - INFO - \U0001f5bc\ufe0f Screenshot salva: img/arquivos.png
2025-06-24 21:01:32,604 - INFO - \U0001f5bc\ufe0f Screenshot salva: img/banese.png
2025-06-24 21:01:40,692 - INFO - \U0001f5bc\ufe0f Screenshot salva: img/unificada.png
2025-06-24 21:01:52,186 - INFO - \U0001f5bc\ufe0f Screenshot salva: img/softpass.png
2025-06-24 21:02:00,982 - INFO - \U0001f5bc\ufe0f Screenshot salva: img/pix.png
2025-06-24 21:02:08,464 - INFO - \U0001f5bc\ufe0f Screenshot salva: img/zabbix.png
2025-06-24 21:02:17,646 - INFO - \U0001f5bc\ufe0f Screenshot salva: img/uptime.png
2025-06-24 21:02:54,065 - WARNING - #CHECKLIST - Mensagem e imagem enviadas no Teams!
2025-06-24 21:03:07,572 - INFO - \U0001f5bc\ufe0f Screenshot salva: img/pix_prd.png
2025-06-24 21:03:19,003 - INFO - \U0001f5bc\ufe0f Screenshot salva: img/pix_status.png
2025-06-24 21:03:27,729 - INFO - \U0001f5bc\ufe0f Screenshot salva: img/pix.png
2025-06-24 21:03:45,035 - WARNING - #PIX - Mensagem e imagem enviadas no Teams!
2025-06-24 21:04:53,930 - INFO - \U0001f5bc\ufe0f Screenshot salva: img/fisico.png
2025-06-24 21:05:01,787 - INFO - \U0001f5bc\ufe0f Screenshot salva: img/ecommerce.png
2025-06-24 21:05:09,995 - INFO - \U0001f5bc\ufe0f Screenshot salva: img/arquivos.png
2025-06-24 21:05:21,589 - INFO - \U0001f5bc\ufe0f Screenshot salva: img/banese.png
2025-06-27 21:01:43,261 - INFO - \U0001f5bc\ufe0f Screenshot salva: img/pix_prd.png
2025-06-27 21:01:51,808 - INFO - \U0001f5bc\ufe0f Screenshot salva: img/pix_status.png
2025-06-27 21:01:58,619 - INFO - \U0001f5bc\ufe0f Screenshot salva: img/pix.png
2025-06-27 21:02:14,892 - WARNING - #PIX - Mensagem e imagem enviadas no Teams!
2025-06-27 21:13:58,019 - INFO - \U0001f5bc\ufe0f Screenshot salva: img/fisico.png
2025-06-27 21:14:02,842 - INFO - \U0001f5bc\ufe0f Screenshot salva: img/ecommerce.png
2025-06-27 21:14:08,073 - INFO - \U0001f5bc\ufe0f Screenshot salva: img/arquivos.png
2025-06-27 21:14:16,570 - INFO - \U0001f5bc\ufe0f Screenshot salva: img/banese.png
2025-06-27 21:14:21,490 - INFO - \U0001f5bc\ufe0f Screenshot salva: img/unificada.png
2025-06-27 21:14:29,966 - INFO - \U0001f5bc\ufe0f Screenshot salva: img/softpass.png
2025-06-27 21:14:35,482 - INFO - \U0001f5bc\ufe0f Screenshot salva: img/pix.png
2025-06-27 21:14:39,858 - INFO - \U0001f5bc\ufe0f Screenshot salva: img/zabbix.png
2025-06-27 21:14:46,160 - INFO - \U0001f5bc\ufe0f Screenshot salva: img/uptime.png
2025-06-27 21:15:25,687 - WARNING - #CHECKLIST - Mensagem e imagem enviadas no Teams!
2025-06-27 23:23:37,227 - INFO - \U0001f5bc\ufe0f Screenshot salva: img/fisico.png
2025-06-27 23:23:42,140 - INFO - \U0001f5bc\ufe0f Screenshot salva: img/ecommerce.png
2025-06-27 23:23:47,444 - INFO - \U0001f5bc\ufe0f Screenshot salva: img/arquivos.png
2025-06-27 23:23:55,981 - INFO - \U0001f5bc\ufe0f Screenshot salva: img/banese.png
2025-06-27 23:24:00,916 - INFO - \U0001f5bc\ufe0f Screenshot salva: img/unificada.png
2025-06-27 23:24:09,271 - INFO - \U0001f5bc\ufe0f Screenshot salva: img/softpass.png
2025-06-27 23:24:14,842 - INFO - \U0001f5bc\ufe0f Screenshot salva: img/pix.png
2025-06-27 23:24:19,209 - INFO - \U0001f5bc\ufe0f Screenshot salva: img/zabbix.png
2025-06-27 23:24:46,373 - INFO - \U0001f5bc\ufe0f Screenshot salva: img/uptime.png
2025-06-27 23:25:23,644 - WARNING - #CHECKLIST - Mensagem e imagem enviadas no Teams!
2025-06-27 23:25:33,927 - INFO - \U0001f5bc\ufe0f Screenshot salva: img/pix_prd.png
2025-06-27 23:25:42,316 - INFO - \U0001f5bc\ufe0f Screenshot salva: img/pix_status.png
2025-06-27 23:25:50,923 - INFO - \U0001f5bc\ufe0f Screenshot salva: img/pix.png
2025-06-27 23:26:08,984 - WARNING - #PIX - Mensagem e imagem enviadas no Teams!
2025-06-27 23:26:24,459 - INFO - \U0001f5bc\ufe0f Screenshot salva: img/cecommerce.png
2025-06-27 23:26:34,583 - INFO - \U0001f5bc\ufe0f Screenshot salva: img/cfisico.png
2025-06-27 23:26:50,672 - WARNING - #COMPARATIVO - Mensagem e imagem enviadas no Teams!
2025-06-27 23:57:23,187 - INFO - \U0001f5bc\ufe0f Screenshot salva: img/fisico.png
2025-06-27 23:57:28,173 - INFO - \U0001f5bc\ufe0f Screenshot salva: img/ecommerce.png
2025-06-27 23:57:33,550 - INFO - \U0001f5bc\ufe0f Screenshot salva: img/arquivos.png
2025-06-27 23:57:42,197 - INFO - \U0001f5bc\ufe0f Screenshot salva: img/banese.png
2025-06-27 23:57:47,154 - INFO - \U0001f5bc\ufe0f Screenshot salva: img/unificada.png
2025-06-27 23:57:55,664 - INFO - \U0001f5bc\ufe0f Screenshot salva: img/softpass.png
2025-06-27 23:58:01,336 - INFO - \U0001f5bc\ufe0f Screenshot salva: img/pix.png
2025-06-27 23:58:05,683 - INFO - \U0001f5bc\ufe0f Screenshot salva: img/zabbix.png
2025-06-27 23:58:11,927 - INFO - \U0001f5bc\ufe0f Screenshot salva: img/uptime.png
2025-06-27 23:58:49,074 - WARNING - #CHECKLIST - Mensagem e imagem enviadas no Teams!
2025-06-27 23:59:08,240 - INFO - \U0001f5bc\ufe0f Screenshot salva: img/wtnet.png
2025-06-27 23:59:18,375 - INFO - \U0001f5bc\ufe0f Screenshot salva: img/snifferprd.png
2025-06-27 23:59:35,845 - WARNING - #ADIQ+ - Mensagem e imagem enviadas no Teams!
2025-06-28 05:09:18,343 - INFO - \U0001f5bc\ufe0f Screenshot salva: img/fisico.png
2025-06-28 05:09:23,562 - INFO - \U0001f5bc\ufe0f Screenshot salva: img/ecommerce.png
2025-06-28 05:09:29,572 - INFO - \U0001f5bc\ufe0f Screenshot salva: img/arquivos.png
2025-06-28 05:09:38,275 - INFO - \U0001f5bc\ufe0f Screenshot salva: img/banese.png
2025-06-28 05:09:43,609 - INFO - \U0001f5bc\ufe0f Screenshot salva: img/unificada.png
2025-06-28 05:09:52,213 - INFO - \U0001f5bc\ufe0f Screenshot salva: img/softpass.png
2025-06-28 05:09:58,729 - INFO - \U0001f5bc\ufe0f Screenshot salva: img/pix.png
2025-06-28 05:10:03,282 - INFO - \U0001f5bc\ufe0f Screenshot salva: img/zabbix.png
2025-06-28 05:10:10,461 - INFO - \U0001f5bc\ufe0f Screenshot salva: img/uptime.png
2025-06-28 05:10:51,299 - WARNING - #CHECKLIST - Mensagem e imagem enviadas no Teams!
2025-07-22 06:04:34,480 - WARNING - #CHECKLIST - Mensagem e imagem enviadas no Teams!
